// Vitest Snapshot v1, https://vitest.dev/guide/snapshot.html

exports[`index > foo bar 1`] = `"page,:host,wx-root-content {}"`;
